com/techindna/eventsync/dto/ExternalLinkDto.class
com/techindna/eventsync/config/TokenProvider.class
com/techindna/eventsync/controller/EventController.class
com/techindna/eventsync/EventSyncApplication.class
com/techindna/eventsync/entity/User.class
com/techindna/eventsync/controller/AuthController.class
com/techindna/eventsync/dto/SpeakerRequestDto.class
com/techindna/eventsync/config/JwtAuthenticationFilter.class
com/techindna/eventsync/entity/Administrator.class
com/techindna/eventsync/service/EventService.class
com/techindna/eventsync/dto/GetSessionRequestDto.class
com/techindna/eventsync/entity/Participant.class
com/techindna/eventsync/service/AuthService.class
com/techindna/eventsync/dto/AuthParticipantRequestDto.class
com/techindna/eventsync/validator/DataValidator.class
com/techindna/eventsync/repository/AuthRepository.class
com/techindna/eventsync/dto/AuthLoginRequestDto.class
com/techindna/eventsync/entity/enums/Role.class
com/techindna/eventsync/config/SecurityConfig.class
