/home/anerti/IdeaProjects/EventSync/src/main/java/com/techindna/eventsync/EventSyncApplication.java
/home/anerti/IdeaProjects/EventSync/src/main/java/com/techindna/eventsync/config/JwtAuthenticationFilter.java
/home/anerti/IdeaProjects/EventSync/src/main/java/com/techindna/eventsync/config/SecurityConfig.java
/home/anerti/IdeaProjects/EventSync/src/main/java/com/techindna/eventsync/config/TokenProvider.java
/home/anerti/IdeaProjects/EventSync/src/main/java/com/techindna/eventsync/controller/AuthController.java
/home/anerti/IdeaProjects/EventSync/src/main/java/com/techindna/eventsync/controller/EventController.java
/home/anerti/IdeaProjects/EventSync/src/main/java/com/techindna/eventsync/controller/QuestionController.java
/home/anerti/IdeaProjects/EventSync/src/main/java/com/techindna/eventsync/controller/RoomController.java
/home/anerti/IdeaProjects/EventSync/src/main/java/com/techindna/eventsync/controller/SessionController.java
/home/anerti/IdeaProjects/EventSync/src/main/java/com/techindna/eventsync/controller/SpeakersController.java
/home/anerti/IdeaProjects/EventSync/src/main/java/com/techindna/eventsync/dto/AuthLoginRequestDto.java
/home/anerti/IdeaProjects/EventSync/src/main/java/com/techindna/eventsync/dto/AuthLoginResponseDto.java
/home/anerti/IdeaProjects/EventSync/src/main/java/com/techindna/eventsync/dto/AuthParticipantRequestDto.java
/home/anerti/IdeaProjects/EventSync/src/main/java/com/techindna/eventsync/dto/AuthParticipantResponseDto.java
/home/anerti/IdeaProjects/EventSync/src/main/java/com/techindna/eventsync/dto/ExternalLinkDto.java
/home/anerti/IdeaProjects/EventSync/src/main/java/com/techindna/eventsync/dto/GetQuestionListResponseDto.java
/home/anerti/IdeaProjects/EventSync/src/main/java/com/techindna/eventsync/dto/GetRoomListResponseDto.java
/home/anerti/IdeaProjects/EventSync/src/main/java/com/techindna/eventsync/dto/GetSessionListResponseDto.java
/home/anerti/IdeaProjects/EventSync/src/main/java/com/techindna/eventsync/dto/GetSessionRequestDto.java
/home/anerti/IdeaProjects/EventSync/src/main/java/com/techindna/eventsync/dto/GetSpeakerListResponseDto.java
/home/anerti/IdeaProjects/EventSync/src/main/java/com/techindna/eventsync/dto/Meta.java
/home/anerti/IdeaProjects/EventSync/src/main/java/com/techindna/eventsync/dto/PaginationRequestDto.java
/home/anerti/IdeaProjects/EventSync/src/main/java/com/techindna/eventsync/dto/ParticipantDto.java
/home/anerti/IdeaProjects/EventSync/src/main/java/com/techindna/eventsync/dto/PostSpeakersRequestDto.java
/home/anerti/IdeaProjects/EventSync/src/main/java/com/techindna/eventsync/dto/QuestionResponseDto.java
/home/anerti/IdeaProjects/EventSync/src/main/java/com/techindna/eventsync/dto/SessionRequestDto.java
/home/anerti/IdeaProjects/EventSync/src/main/java/com/techindna/eventsync/dto/SessionResponseDto.java
/home/anerti/IdeaProjects/EventSync/src/main/java/com/techindna/eventsync/dto/SpeakerInterventionDto.java
/home/anerti/IdeaProjects/EventSync/src/main/java/com/techindna/eventsync/dto/SpeakerRequestDto.java
/home/anerti/IdeaProjects/EventSync/src/main/java/com/techindna/eventsync/dto/SpeakerResponseDto.java
/home/anerti/IdeaProjects/EventSync/src/main/java/com/techindna/eventsync/dto/UpdateSpeakerResponseDto.java
/home/anerti/IdeaProjects/EventSync/src/main/java/com/techindna/eventsync/dto/UserResponseDto.java
/home/anerti/IdeaProjects/EventSync/src/main/java/com/techindna/eventsync/dto/events/EventRequestDto.java
/home/anerti/IdeaProjects/EventSync/src/main/java/com/techindna/eventsync/dto/events/EventResponseDto.java
/home/anerti/IdeaProjects/EventSync/src/main/java/com/techindna/eventsync/dto/events/EventSessionResponseDto.java
/home/anerti/IdeaProjects/EventSync/src/main/java/com/techindna/eventsync/dto/events/GetEventListResponseDto.java
/home/anerti/IdeaProjects/EventSync/src/main/java/com/techindna/eventsync/dto/events/PutEventRequestDto.java
/home/anerti/IdeaProjects/EventSync/src/main/java/com/techindna/eventsync/dto/rooms/RoomRequestDto.java
/home/anerti/IdeaProjects/EventSync/src/main/java/com/techindna/eventsync/entity/Administrator.java
/home/anerti/IdeaProjects/EventSync/src/main/java/com/techindna/eventsync/entity/Event.java
/home/anerti/IdeaProjects/EventSync/src/main/java/com/techindna/eventsync/entity/ExternalLinks.java
/home/anerti/IdeaProjects/EventSync/src/main/java/com/techindna/eventsync/entity/Participant.java
/home/anerti/IdeaProjects/EventSync/src/main/java/com/techindna/eventsync/entity/Question.java
/home/anerti/IdeaProjects/EventSync/src/main/java/com/techindna/eventsync/entity/Room.java
/home/anerti/IdeaProjects/EventSync/src/main/java/com/techindna/eventsync/entity/Session.java
/home/anerti/IdeaProjects/EventSync/src/main/java/com/techindna/eventsync/entity/Speaker.java
/home/anerti/IdeaProjects/EventSync/src/main/java/com/techindna/eventsync/entity/User.java
/home/anerti/IdeaProjects/EventSync/src/main/java/com/techindna/eventsync/entity/enums/Role.java
/home/anerti/IdeaProjects/EventSync/src/main/java/com/techindna/eventsync/exception/BadRequestException.java
/home/anerti/IdeaProjects/EventSync/src/main/java/com/techindna/eventsync/exception/ConflictException.java
/home/anerti/IdeaProjects/EventSync/src/main/java/com/techindna/eventsync/exception/InternalServerErrorException.java
/home/anerti/IdeaProjects/EventSync/src/main/java/com/techindna/eventsync/exception/NotFoundException.java
/home/anerti/IdeaProjects/EventSync/src/main/java/com/techindna/eventsync/exception/TooManyRequestException.java
/home/anerti/IdeaProjects/EventSync/src/main/java/com/techindna/eventsync/exception/UnauthorizedException.java
/home/anerti/IdeaProjects/EventSync/src/main/java/com/techindna/eventsync/mapper/EventMapper.java
/home/anerti/IdeaProjects/EventSync/src/main/java/com/techindna/eventsync/mapper/RoomMapper.java
/home/anerti/IdeaProjects/EventSync/src/main/java/com/techindna/eventsync/mapper/SessionMapper.java
/home/anerti/IdeaProjects/EventSync/src/main/java/com/techindna/eventsync/repository/AuthRepository.java
/home/anerti/IdeaProjects/EventSync/src/main/java/com/techindna/eventsync/repository/EventRepository.java
/home/anerti/IdeaProjects/EventSync/src/main/java/com/techindna/eventsync/repository/QuestionRepository.java
/home/anerti/IdeaProjects/EventSync/src/main/java/com/techindna/eventsync/repository/RoomRepository.java
/home/anerti/IdeaProjects/EventSync/src/main/java/com/techindna/eventsync/repository/SessionRepository.java
/home/anerti/IdeaProjects/EventSync/src/main/java/com/techindna/eventsync/repository/SpeakerRepository.java
/home/anerti/IdeaProjects/EventSync/src/main/java/com/techindna/eventsync/service/AuthService.java
/home/anerti/IdeaProjects/EventSync/src/main/java/com/techindna/eventsync/service/EventService.java
/home/anerti/IdeaProjects/EventSync/src/main/java/com/techindna/eventsync/service/QuestionService.java
/home/anerti/IdeaProjects/EventSync/src/main/java/com/techindna/eventsync/service/RoomService.java
/home/anerti/IdeaProjects/EventSync/src/main/java/com/techindna/eventsync/service/SessionService.java
/home/anerti/IdeaProjects/EventSync/src/main/java/com/techindna/eventsync/service/SpeakerService.java
/home/anerti/IdeaProjects/EventSync/src/main/java/com/techindna/eventsync/validator/DataValidator.java
