com/techindna/eventsync/dto/speaker/GetSpeakerListResponseDto.class
com/techindna/eventsync/dto/PaginationRequestDto.class
com/techindna/eventsync/dto/SpeakerInterventionDto.class
com/techindna/eventsync/entity/Question.class
com/techindna/eventsync/config/TokenProvider.class
com/techindna/eventsync/dto/ExternalLinkDto.class
com/techindna/eventsync/mapper/EventMapper.class
com/techindna/eventsync/dto/SessionResponseDto.class
com/techindna/eventsync/controller/AuthController.class
com/techindna/eventsync/config/JwtAuthenticationFilter.class
com/techindna/eventsync/dto/rooms/RoomRequestDto.class
com/techindna/eventsync/repository/SessionRepository.class
com/techindna/eventsync/repository/RoomRepository.class
com/techindna/eventsync/exception/NotFoundException.class
com/techindna/eventsync/dto/speaker/SpeakerRequestDto.class
com/techindna/eventsync/entity/Administrator.class
com/techindna/eventsync/dto/AuthParticipantResponseDto.class
com/techindna/eventsync/dto/events/EventRequestDto.class
com/techindna/eventsync/dto/GetSessionRequestDto.class
com/techindna/eventsync/dto/rooms/GetRoomListResponseDto.class
com/techindna/eventsync/mapper/ExternalLinkMapper.class
com/techindna/eventsync/exception/BadRequestException.class
com/techindna/eventsync/entity/Event.class
com/techindna/eventsync/validator/DataValidator.class
com/techindna/eventsync/mapper/SessionMapper.class
com/techindna/eventsync/dto/speaker/SpeakerResponseDto.class
com/techindna/eventsync/dto/SessionRequestDto.class
com/techindna/eventsync/repository/AuthRepository.class
com/techindna/eventsync/service/SpeakerService.class
com/techindna/eventsync/repository/SpeakerRepository.class
com/techindna/eventsync/exception/InternalServerErrorException.class
com/techindna/eventsync/controller/RoomController.class
com/techindna/eventsync/service/QuestionService.class
com/techindna/eventsync/dto/Meta.class
com/techindna/eventsync/config/SecurityConfig.class
com/techindna/eventsync/repository/QuestionRepository.class
com/techindna/eventsync/dto/events/EventResponseDto.class
com/techindna/eventsync/dto/GetSessionListResponseDto.class
com/techindna/eventsync/dto/ParticipantDto.class
com/techindna/eventsync/controller/EventController.class
com/techindna/eventsync/entity/User.class
com/techindna/eventsync/EventSyncApplication.class
com/techindna/eventsync/mapper/RoomMapper.class
com/techindna/eventsync/dto/events/GetEventListResponseDto.class
com/techindna/eventsync/dto/AuthLoginResponseDto.class
com/techindna/eventsync/controller/QuestionController.class
com/techindna/eventsync/entity/Speaker.class
com/techindna/eventsync/exception/ConflictException.class
com/techindna/eventsync/exception/UnauthorizedException.class
com/techindna/eventsync/service/EventService.class
com/techindna/eventsync/dto/QuestionResponseDto.class
com/techindna/eventsync/dto/speaker/PostSpeakersRequestDto.class
com/techindna/eventsync/exception/TooManyRequestException.class
com/techindna/eventsync/dto/events/PutEventRequestDto.class
com/techindna/eventsync/service/RoomService.class
com/techindna/eventsync/dto/GetQuestionListResponseDto.class
com/techindna/eventsync/entity/Participant.class
com/techindna/eventsync/service/AuthService.class
com/techindna/eventsync/mapper/SpeakerMapper.class
com/techindna/eventsync/service/SessionService.class
com/techindna/eventsync/dto/UserResponseDto.class
com/techindna/eventsync/dto/AuthParticipantRequestDto.class
com/techindna/eventsync/entity/Session.class
com/techindna/eventsync/repository/EventRepository.class
com/techindna/eventsync/dto/AuthLoginRequestDto.class
com/techindna/eventsync/entity/enums/Role.class
com/techindna/eventsync/entity/Room.class
com/techindna/eventsync/controller/SessionController.class
com/techindna/eventsync/entity/ExternalLinks.class
com/techindna/eventsync/controller/SpeakersController.class
com/techindna/eventsync/dto/events/EventSessionResponseDto.class
com/techindna/eventsync/dto/speaker/UpdateSpeakerResponseDto.class
